Script started at 西元2025年01月26日 (週日) 13時32分42秒 JST
HEAD 現在位於 53f3ee5fab update prediction
python3: can't open file '/home/raingel/rice_blast_model_update/rice_blast_prediction/ERA5_current_download_cron.py': [Errno 2] No such file or directory
Traceback (most recent call last):
  File "/home/raingel/rice_blast_model_update/models/BlastLSTLS/cron_predict.py", line 4, in <module>
    from keras.models import load_model
ModuleNotFoundError: No module named 'keras'
Script completed at 西元2025年01月26日 (週日) 13時32分44秒 JST
Script started at 西元2025年01月26日 (週日) 13時35分36秒 JST
HEAD 現在位於 53f3ee5fab update prediction
Failed to change directory to model
Script started at 西元2025年01月26日 (週日) 13時37分09秒 JST
HEAD 現在位於 53f3ee5fab update prediction
Using Python: /usr/bin/python3
Failed to change directory to model
Script started at 西元2025年01月26日 (週日) 13時37分38秒 JST
HEAD 現在位於 53f3ee5fab update prediction
Using Python: /usr/bin/python3
共有 751 個有效氣象站
已下載 466850_五分山雷達站_25.071182_121.781205.csv
已下載 466881_新北_24.9593_121.52.csv
已下載 466900_淡水_25.164889_121.448906.csv
已下載 466910_鞍部_25.182586_121.529731.csv
已下載 466920_臺北_25.037658_121.514853.csv
已下載 466930_竹子湖_25.162078_121.544547.csv
已下載 466940_基隆_25.133314_121.740475.csv
已下載 466950_彭佳嶼_25.627975_122.079744.csv
已下載 466990_花蓮_23.975128_121.613275.csv
已下載 467050_新屋_25.006744_121.047486.csv
已下載 467080_宜蘭_24.763975_121.756528.csv
已下載 467110_金門_24.407306_118.289281.csv
已下載 467270_田中_23.873803_120.581286.csv
已下載 467280_後龍_24.648563_120.831834.csv
已下載 467290_古坑_23.633639_120.551889.csv
已下載 467300_東吉島_23.25695_119.667467.csv
已下載 467350_澎湖_23.565503_119.563094.csv
Traceback (most recent call last):
  File "/home/raingel/rice_blast_model_update/models/ERA5_current_download_cron.py", line 57, in <module>
    weather_df_forecast = fetch_openmeteo_forecast(lat=lat, lon=lon)
                          ^^^^^^^^^^^^^^^^^^^^^^^^^^^^^^^^^^^^^^^^^^
  File "/home/raingel/rice_blast_model_update/models/ERA5_current_download_cron.py", line 26, in fetch_openmeteo_forecast
    df = pd.read_json(url)
         ^^^^^^^^^^^^^^^^^
  File "/usr/lib/python3/dist-packages/pandas/io/json/_json.py", line 780, in read_json
    json_reader = JsonReader(
                  ^^^^^^^^^^^
  File "/usr/lib/python3/dist-packages/pandas/io/json/_json.py", line 893, in __init__
    data = self._get_data_from_filepath(filepath_or_buffer)
           ^^^^^^^^^^^^^^^^^^^^^^^^^^^^^^^^^^^^^^^^^^^^^^^^
  File "/usr/lib/python3/dist-packages/pandas/io/json/_json.py", line 933, in _get_data_from_filepath
    self.handles = get_handle(
                   ^^^^^^^^^^^
  File "/usr/lib/python3/dist-packages/pandas/io/common.py", line 718, in get_handle
    ioargs = _get_filepath_or_buffer(
             ^^^^^^^^^^^^^^^^^^^^^^^^
  File "/usr/lib/python3/dist-packages/pandas/io/common.py", line 372, in _get_filepath_or_buffer
    with urlopen(req_info) as req:
         ^^^^^^^^^^^^^^^^^
  File "/usr/lib/python3/dist-packages/pandas/io/common.py", line 274, in urlopen
    return urllib.request.urlopen(*args, **kwargs)
           ^^^^^^^^^^^^^^^^^^^^^^^^^^^^^^^^^^^^^^^
  File "/usr/lib/python3.12/urllib/request.py", line 215, in urlopen
    return opener.open(url, data, timeout)
           ^^^^^^^^^^^^^^^^^^^^^^^^^^^^^^^
  File "/usr/lib/python3.12/urllib/request.py", line 515, in open
    response = self._open(req, data)
               ^^^^^^^^^^^^^^^^^^^^^
  File "/usr/lib/python3.12/urllib/request.py", line 532, in _open
    result = self._call_chain(self.handle_open, protocol, protocol +
             ^^^^^^^^^^^^^^^^^^^^^^^^^^^^^^^^^^^^^^^^^^^^^^^^^^^^^^^
  File "/usr/lib/python3.12/urllib/request.py", line 492, in _call_chain
    result = func(*args)
             ^^^^^^^^^^^
  File "/usr/lib/python3.12/urllib/request.py", line 1392, in https_open
    return self.do_open(http.client.HTTPSConnection, req,
           ^^^^^^^^^^^^^^^^^^^^^^^^^^^^^^^^^^^^^^^^^^^^^^
  File "/usr/lib/python3.12/urllib/request.py", line 1348, in do_open
    r = h.getresponse()
        ^^^^^^^^^^^^^^^
  File "/usr/lib/python3.12/http/client.py", line 1428, in getresponse
    response.begin()
  File "/usr/lib/python3.12/http/client.py", line 331, in begin
    version, status, reason = self._read_status()
                              ^^^^^^^^^^^^^^^^^^^
  File "/usr/lib/python3.12/http/client.py", line 292, in _read_status
    line = str(self.fp.readline(_MAXLINE + 1), "iso-8859-1")
               ^^^^^^^^^^^^^^^^^^^^^^^^^^^^^^
  File "/usr/lib/python3.12/socket.py", line 707, in readinto
    return self._sock.recv_into(b)
           ^^^^^^^^^^^^^^^^^^^^^^^
  File "/usr/lib/python3.12/ssl.py", line 1252, in recv_into
    return self.read(nbytes, buffer)
           ^^^^^^^^^^^^^^^^^^^^^^^^^
  File "/usr/lib/python3.12/ssl.py", line 1104, in read
    return self._sslobj.read(len, buffer)
           ^^^^^^^^^^^^^^^^^^^^^^^^^^^^^^
KeyboardInterrupt
Script started at 西元2025年01月26日 (週日) 13時38分53秒 JST
共有 751 個有效氣象站
已下載 466850_五分山雷達站_25.071182_121.781205.csv
已下載 466881_新北_24.9593_121.52.csv
已下載 466900_淡水_25.164889_121.448906.csv
已下載 466910_鞍部_25.182586_121.529731.csv
已下載 466920_臺北_25.037658_121.514853.csv
已下載 466930_竹子湖_25.162078_121.544547.csv
已下載 466940_基隆_25.133314_121.740475.csv
Traceback (most recent call last):
  File "/home/raingel/rice_blast_model_update/models/ERA5_current_download_cron.py", line 57, in <module>
    weather_df_forecast = fetch_openmeteo_forecast(lat=lat, lon=lon)
                          ^^^^^^^^^^^^^^^^^^^^^^^^^^^^^^^^^^^^^^^^^^
  File "/home/raingel/rice_blast_model_update/models/ERA5_current_download_cron.py", line 26, in fetch_openmeteo_forecast
    df = pd.read_json(url)
         ^^^^^^^^^^^^^^^^^
  File "/usr/lib/python3/dist-packages/pandas/io/json/_json.py", line 780, in read_json
    json_reader = JsonReader(
                  ^^^^^^^^^^^
  File "/usr/lib/python3/dist-packages/pandas/io/json/_json.py", line 893, in __init__
    data = self._get_data_from_filepath(filepath_or_buffer)
           ^^^^^^^^^^^^^^^^^^^^^^^^^^^^^^^^^^^^^^^^^^^^^^^^
  File "/usr/lib/python3/dist-packages/pandas/io/json/_json.py", line 933, in _get_data_from_filepath
    self.handles = get_handle(
                   ^^^^^^^^^^^
  File "/usr/lib/python3/dist-packages/pandas/io/common.py", line 718, in get_handle
    ioargs = _get_filepath_or_buffer(
             ^^^^^^^^^^^^^^^^^^^^^^^^
  File "/usr/lib/python3/dist-packages/pandas/io/common.py", line 372, in _get_filepath_or_buffer
    with urlopen(req_info) as req:
         ^^^^^^^^^^^^^^^^^
  File "/usr/lib/python3/dist-packages/pandas/io/common.py", line 274, in urlopen
    return urllib.request.urlopen(*args, **kwargs)
           ^^^^^^^^^^^^^^^^^^^^^^^^^^^^^^^^^^^^^^^
  File "/usr/lib/python3.12/urllib/request.py", line 215, in urlopen
    return opener.open(url, data, timeout)
           ^^^^^^^^^^^^^^^^^^^^^^^^^^^^^^^
  File "/usr/lib/python3.12/urllib/request.py", line 515, in open
    response = self._open(req, data)
               ^^^^^^^^^^^^^^^^^^^^^
  File "/usr/lib/python3.12/urllib/request.py", line 532, in _open
    result = self._call_chain(self.handle_open, protocol, protocol +
             ^^^^^^^^^^^^^^^^^^^^^^^^^^^^^^^^^^^^^^^^^^^^^^^^^^^^^^^
  File "/usr/lib/python3.12/urllib/request.py", line 492, in _call_chain
    result = func(*args)
             ^^^^^^^^^^^
  File "/usr/lib/python3.12/urllib/request.py", line 1392, in https_open
    return self.do_open(http.client.HTTPSConnection, req,
           ^^^^^^^^^^^^^^^^^^^^^^^^^^^^^^^^^^^^^^^^^^^^^^
  File "/usr/lib/python3.12/urllib/request.py", line 1348, in do_open
    r = h.getresponse()
        ^^^^^^^^^^^^^^^
  File "/usr/lib/python3.12/http/client.py", line 1428, in getresponse
    response.begin()
  File "/usr/lib/python3.12/http/client.py", line 331, in begin
    version, status, reason = self._read_status()
                              ^^^^^^^^^^^^^^^^^^^
  File "/usr/lib/python3.12/http/client.py", line 292, in _read_status
    line = str(self.fp.readline(_MAXLINE + 1), "iso-8859-1")
               ^^^^^^^^^^^^^^^^^^^^^^^^^^^^^^
  File "/usr/lib/python3.12/socket.py", line 707, in readinto
    return self._sock.recv_into(b)
           ^^^^^^^^^^^^^^^^^^^^^^^
  File "/usr/lib/python3.12/ssl.py", line 1252, in recv_into
    return self.read(nbytes, buffer)
           ^^^^^^^^^^^^^^^^^^^^^^^^^
  File "/usr/lib/python3.12/ssl.py", line 1104, in read
    return self._sslobj.read(len, buffer)
           ^^^^^^^^^^^^^^^^^^^^^^^^^^^^^^
KeyboardInterrupt
Script started at 西元2025年01月26日 (週日) 13時41分41秒 JST
共有 751 個有效氣象站
已下載 466850_五分山雷達站_25.071182_121.781205.csv
已下載 466881_新北_24.9593_121.52.csv
Traceback (most recent call last):
  File "/home/raingel/rice_blast_model_update/models/ERA5_current_download_cron.py", line 56, in <module>
    weather_df_archive = fetch_openmeteo_archive(lat=lat, lon=lon, start=past_days_start, end=past_days_end)
                         ^^^^^^^^^^^^^^^^^^^^^^^^^^^^^^^^^^^^^^^^^^^^^^^^^^^^^^^^^^^^^^^^^^^^^^^^^^^^^^^^^^^
  File "/home/raingel/rice_blast_model_update/models/ERA5_current_download_cron.py", line 11, in fetch_openmeteo_archive
    df = pd.read_json(url)
         ^^^^^^^^^^^^^^^^^
  File "/usr/lib/python3/dist-packages/pandas/io/json/_json.py", line 780, in read_json
    json_reader = JsonReader(
                  ^^^^^^^^^^^
  File "/usr/lib/python3/dist-packages/pandas/io/json/_json.py", line 893, in __init__
    data = self._get_data_from_filepath(filepath_or_buffer)
           ^^^^^^^^^^^^^^^^^^^^^^^^^^^^^^^^^^^^^^^^^^^^^^^^
  File "/usr/lib/python3/dist-packages/pandas/io/json/_json.py", line 933, in _get_data_from_filepath
    self.handles = get_handle(
                   ^^^^^^^^^^^
  File "/usr/lib/python3/dist-packages/pandas/io/common.py", line 718, in get_handle
    ioargs = _get_filepath_or_buffer(
             ^^^^^^^^^^^^^^^^^^^^^^^^
  File "/usr/lib/python3/dist-packages/pandas/io/common.py", line 372, in _get_filepath_or_buffer
    with urlopen(req_info) as req:
         ^^^^^^^^^^^^^^^^^
  File "/usr/lib/python3/dist-packages/pandas/io/common.py", line 274, in urlopen
    return urllib.request.urlopen(*args, **kwargs)
           ^^^^^^^^^^^^^^^^^^^^^^^^^^^^^^^^^^^^^^^
  File "/usr/lib/python3.12/urllib/request.py", line 215, in urlopen
    return opener.open(url, data, timeout)
           ^^^^^^^^^^^^^^^^^^^^^^^^^^^^^^^
  File "/usr/lib/python3.12/urllib/request.py", line 515, in open
    response = self._open(req, data)
               ^^^^^^^^^^^^^^^^^^^^^
  File "/usr/lib/python3.12/urllib/request.py", line 532, in _open
    result = self._call_chain(self.handle_open, protocol, protocol +
             ^^^^^^^^^^^^^^^^^^^^^^^^^^^^^^^^^^^^^^^^^^^^^^^^^^^^^^^
  File "/usr/lib/python3.12/urllib/request.py", line 492, in _call_chain
    result = func(*args)
             ^^^^^^^^^^^
  File "/usr/lib/python3.12/urllib/request.py", line 1392, in https_open
    return self.do_open(http.client.HTTPSConnection, req,
           ^^^^^^^^^^^^^^^^^^^^^^^^^^^^^^^^^^^^^^^^^^^^^^
  File "/usr/lib/python3.12/urllib/request.py", line 1348, in do_open
    r = h.getresponse()
        ^^^^^^^^^^^^^^^
  File "/usr/lib/python3.12/http/client.py", line 1428, in getresponse
    response.begin()
  File "/usr/lib/python3.12/http/client.py", line 331, in begin
    version, status, reason = self._read_status()
                              ^^^^^^^^^^^^^^^^^^^
  File "/usr/lib/python3.12/http/client.py", line 292, in _read_status
    line = str(self.fp.readline(_MAXLINE + 1), "iso-8859-1")
               ^^^^^^^^^^^^^^^^^^^^^^^^^^^^^^
  File "/usr/lib/python3.12/socket.py", line 707, in readinto
    return self._sock.recv_into(b)
           ^^^^^^^^^^^^^^^^^^^^^^^
  File "/usr/lib/python3.12/ssl.py", line 1252, in recv_into
    return self.read(nbytes, buffer)
           ^^^^^^^^^^^^^^^^^^^^^^^^^
  File "/usr/lib/python3.12/ssl.py", line 1104, in read
    return self._sslobj.read(len, buffer)
           ^^^^^^^^^^^^^^^^^^^^^^^^^^^^^^
KeyboardInterrupt
Script started at 西元2025年01月26日 (週日) 13時42分23秒 JST
共有 751 個有效氣象站
已下載 466850_五分山雷達站_25.071182_121.781205.csv
已下載 466881_新北_24.9593_121.52.csv
已下載 466900_淡水_25.164889_121.448906.csv
已下載 466910_鞍部_25.182586_121.529731.csv
已下載 466920_臺北_25.037658_121.514853.csv
已下載 466930_竹子湖_25.162078_121.544547.csv
Traceback (most recent call last):
  File "/home/raingel/rice_blast_model_update/models/ERA5_current_download_cron.py", line 56, in <module>
    weather_df_archive = fetch_openmeteo_archive(lat=lat, lon=lon, start=past_days_start, end=past_days_end)
                         ^^^^^^^^^^^^^^^^^^^^^^^^^^^^^^^^^^^^^^^^^^^^^^^^^^^^^^^^^^^^^^^^^^^^^^^^^^^^^^^^^^^
  File "/home/raingel/rice_blast_model_update/models/ERA5_current_download_cron.py", line 11, in fetch_openmeteo_archive
    df = pd.read_json(url)
         ^^^^^^^^^^^^^^^^^
  File "/usr/lib/python3/dist-packages/pandas/io/json/_json.py", line 780, in read_json
    json_reader = JsonReader(
                  ^^^^^^^^^^^
  File "/usr/lib/python3/dist-packages/pandas/io/json/_json.py", line 893, in __init__
    data = self._get_data_from_filepath(filepath_or_buffer)
           ^^^^^^^^^^^^^^^^^^^^^^^^^^^^^^^^^^^^^^^^^^^^^^^^
  File "/usr/lib/python3/dist-packages/pandas/io/json/_json.py", line 933, in _get_data_from_filepath
    self.handles = get_handle(
                   ^^^^^^^^^^^
  File "/usr/lib/python3/dist-packages/pandas/io/common.py", line 718, in get_handle
    ioargs = _get_filepath_or_buffer(
             ^^^^^^^^^^^^^^^^^^^^^^^^
  File "/usr/lib/python3/dist-packages/pandas/io/common.py", line 372, in _get_filepath_or_buffer
    with urlopen(req_info) as req:
         ^^^^^^^^^^^^^^^^^
  File "/usr/lib/python3/dist-packages/pandas/io/common.py", line 274, in urlopen
    return urllib.request.urlopen(*args, **kwargs)
           ^^^^^^^^^^^^^^^^^^^^^^^^^^^^^^^^^^^^^^^
  File "/usr/lib/python3.12/urllib/request.py", line 215, in urlopen
    return opener.open(url, data, timeout)
           ^^^^^^^^^^^^^^^^^^^^^^^^^^^^^^^
  File "/usr/lib/python3.12/urllib/request.py", line 515, in open
    response = self._open(req, data)
               ^^^^^^^^^^^^^^^^^^^^^
  File "/usr/lib/python3.12/urllib/request.py", line 532, in _open
    result = self._call_chain(self.handle_open, protocol, protocol +
             ^^^^^^^^^^^^^^^^^^^^^^^^^^^^^^^^^^^^^^^^^^^^^^^^^^^^^^^
  File "/usr/lib/python3.12/urllib/request.py", line 492, in _call_chain
    result = func(*args)
             ^^^^^^^^^^^
  File "/usr/lib/python3.12/urllib/request.py", line 1392, in https_open
    return self.do_open(http.client.HTTPSConnection, req,
           ^^^^^^^^^^^^^^^^^^^^^^^^^^^^^^^^^^^^^^^^^^^^^^
  File "/usr/lib/python3.12/urllib/request.py", line 1348, in do_open
    r = h.getresponse()
        ^^^^^^^^^^^^^^^
  File "/usr/lib/python3.12/http/client.py", line 1428, in getresponse
    response.begin()
  File "/usr/lib/python3.12/http/client.py", line 331, in begin
    version, status, reason = self._read_status()
                              ^^^^^^^^^^^^^^^^^^^
  File "/usr/lib/python3.12/http/client.py", line 292, in _read_status
    line = str(self.fp.readline(_MAXLINE + 1), "iso-8859-1")
               ^^^^^^^^^^^^^^^^^^^^^^^^^^^^^^
  File "/usr/lib/python3.12/socket.py", line 707, in readinto
    return self._sock.recv_into(b)
           ^^^^^^^^^^^^^^^^^^^^^^^
  File "/usr/lib/python3.12/ssl.py", line 1252, in recv_into
    return self.read(nbytes, buffer)
           ^^^^^^^^^^^^^^^^^^^^^^^^^
  File "/usr/lib/python3.12/ssl.py", line 1104, in read
    return self._sslobj.read(len, buffer)
           ^^^^^^^^^^^^^^^^^^^^^^^^^^^^^^
KeyboardInterrupt
Script started at 西元2025年01月26日 (週日) 13時42分50秒 JST
Script started at 西元2025年01月26日 (週日) 13時46分00秒 JST
Script started at 西元2025年01月26日 (週日) 13時46分49秒 JST
Script started at 西元2025年01月26日 (週日) 13時47分01秒 JST
Script started at 西元2025年01月26日 (週日) 13時47分18秒 JST
Script started at 西元2025年01月26日 (週日) 13時47分53秒 JST
Script started at 西元2025年01月26日 (週日) 13時48分10秒 JST
Script started at 西元2025年01月26日 (週日) 13時48分22秒 JST
Script started at 西元2025年01月27日 (週一) 05時00分01秒 JST
Script started at 西元2025年01月28日 (週二) 05時00分01秒 JST
Script started at 西元2025年01月29日 (週三) 05時00分01秒 JST
Script started at 西元2025年01月29日 (週三) 07時45分43秒 JST
Script started at 西元2025年01月29日 (週三) 07時50分11秒 JST
Script started at 西元2025年01月30日 (週四) 05時00分01秒 JST
Script started at 西元2025年01月31日 (週五) 05時00分01秒 JST
Script started at 西元2025年02月01日 (週六) 05時00分01秒 JST
Script started at 西元2025年02月02日 (週日) 05時00分01秒 JST
Script started at 西元2025年02月03日 (週一) 05時00分01秒 JST
Script started at 西元2025年02月04日 (週二) 05時00分01秒 JST
Script started at 西元2025年02月05日 (週三) 05時00分01秒 JST
Script started at 西元2025年02月06日 (週四) 05時00分01秒 JST
Script started at 西元2025年02月07日 (週五) 05時00分01秒 JST
Script started at 西元2025年02月08日 (週六) 05時00分01秒 JST
Script started at 西元2025年02月09日 (週日) 05時00分01秒 JST
Script started at 西元2025年02月10日 (週一) 05時00分01秒 JST
Script started at 西元2025年02月11日 (週二) 05時00分01秒 JST
Script started at 西元2025年02月12日 (週三) 05時00分01秒 JST
Script started at 西元2025年02月13日 (週四) 05時00分01秒 JST
Script started at 西元2025年02月14日 (週五) 05時00分01秒 JST
Script started at 西元2025年02月15日 (週六) 05時00分01秒 JST
Script started at 西元2025年02月16日 (週日) 05時00分01秒 JST
Script started at 西元2025年02月17日 (週一) 05時00分01秒 JST
Script started at 西元2025年02月18日 (週二) 05時00分01秒 JST
Script started at 西元2025年02月19日 (週三) 05時00分01秒 JST
Script started at 西元2025年02月20日 (週四) 05時00分01秒 JST
Script started at 西元2025年02月21日 (週五) 05時00分01秒 JST
Script started at 西元2025年02月22日 (週六) 05時00分01秒 JST
Script started at 西元2025年02月23日 (週日) 05時00分01秒 JST
Script started at 西元2025年02月24日 (週一) 05時00分01秒 JST
Script started at 西元2025年02月25日 (週二) 05時00分01秒 JST
Script started at 西元2025年02月26日 (週三) 05時00分01秒 JST
Script started at 西元2025年02月27日 (週四) 05時00分01秒 JST
Script started at 西元2025年02月28日 (週五) 05時00分01秒 JST
Script started at 西元2025年03月01日 (週六) 05時00分01秒 JST
Script started at 西元2025年03月02日 (週日) 05時00分01秒 JST
Script started at 西元2025年03月03日 (週一) 05時00分01秒 JST
Script started at 西元2025年03月04日 (週二) 05時00分01秒 JST
Script started at 西元2025年03月05日 (週三) 05時00分01秒 JST
Script started at 西元2025年03月06日 (週四) 05時00分01秒 JST
Script started at 西元2025年03月07日 (週五) 05時00分01秒 JST
Script started at 西元2025年03月08日 (週六) 05時00分01秒 JST
Script started at 西元2025年03月09日 (週日) 05時00分01秒 JST
Script started at 西元2025年03月10日 (週一) 05時00分01秒 JST
Script started at 西元2025年03月11日 (週二) 05時00分01秒 JST
Script started at 西元2025年03月12日 (週三) 05時00分01秒 JST
Script started at 西元2025年03月12日 (週三) 09時06分15秒 JST
Script started at 西元2025年03月13日 (週四) 05時00分01秒 JST
Script started at 西元2025年03月14日 (週五) 05時00分01秒 JST
Script started at 西元2025年03月15日 (週六) 05時00分01秒 JST
Script started at 西元2025年03月16日 (週日) 05時00分01秒 JST
Script started at 西元2025年03月17日 (週一) 05時00分01秒 JST
Script started at 西元2025年03月18日 (週二) 05時00分01秒 JST
Script started at 西元2025年03月19日 (週三) 05時00分01秒 JST
Script started at 西元2025年03月20日 (週四) 05時00分01秒 JST
Script started at 西元2025年03月21日 (週五) 05時00分01秒 JST
Script started at 西元2025年03月22日 (週六) 05時00分01秒 JST
Script started at 西元2025年03月23日 (週日) 05時00分01秒 JST
Script started at 西元2025年03月24日 (週一) 05時00分01秒 JST
Script started at 西元2025年03月25日 (週二) 05時00分01秒 JST
Script started at 西元2025年03月26日 (週三) 05時00分01秒 JST
Script started at 西元2025年03月27日 (週四) 05時00分01秒 JST
Script started at 西元2025年03月28日 (週五) 05時00分01秒 JST
Script started at 西元2025年03月29日 (週六) 05時00分01秒 JST
Script started at 西元2025年03月30日 (週日) 05時00分01秒 JST
Script started at 西元2025年03月31日 (週一) 05時00分01秒 JST
Script started at 西元2025年04月01日 (週二) 05時00分01秒 JST
Script started at 西元2025年04月02日 (週三) 05時00分01秒 JST
Script started at 西元2025年04月03日 (週四) 05時00分01秒 JST
Script started at 西元2025年04月04日 (週五) 05時00分01秒 JST
Script started at 西元2025年04月05日 (週六) 05時00分01秒 JST
Script started at 西元2025年04月06日 (週日) 05時00分01秒 JST
Script started at 西元2025年04月07日 (週一) 05時00分01秒 JST
Script started at 西元2025年04月08日 (週二) 05時00分01秒 JST
Script started at 西元2025年04月09日 (週三) 05時00分01秒 JST
Script started at 西元2025年04月10日 (週四) 05時00分01秒 JST
Script started at 西元2025年04月11日 (週五) 05時00分01秒 JST
Script started at 西元2025年04月12日 (週六) 05時00分01秒 JST
Script started at 西元2025年04月13日 (週日) 05時00分01秒 JST
Script started at 西元2025年04月14日 (週一) 05時00分01秒 JST
Script started at 西元2025年04月15日 (週二) 05時00分01秒 JST
Script started at 西元2025年04月16日 (週三) 05時00分01秒 JST
Script started at 西元2025年04月17日 (週四) 05時00分01秒 JST
Script started at 西元2025年04月18日 (週五) 05時00分01秒 JST
Script started at 西元2025年04月19日 (週六) 05時00分01秒 JST
Script started at 西元2025年04月20日 (週日) 05時00分01秒 JST
Script started at 西元2025年04月21日 (週一) 05時00分01秒 JST
Script started at 西元2025年04月22日 (週二) 05時00分01秒 JST
Script started at 西元2025年04月23日 (週三) 05時00分01秒 JST
Script started at 西元2025年04月24日 (週四) 05時00分01秒 JST
Script started at 西元2025年04月25日 (週五) 05時00分01秒 JST
Script started at 西元2025年04月26日 (週六) 05時00分01秒 JST
Script started at 西元2025年04月27日 (週日) 05時00分01秒 JST
Script started at 西元2025年04月28日 (週一) 05時00分01秒 JST
Script started at 西元2025年04月29日 (週二) 05時00分01秒 JST
Script started at 西元2025年04月30日 (週三) 05時00分01秒 JST
Script started at 西元2025年05月01日 (週四) 05時00分01秒 JST
Script started at 西元2025年05月02日 (週五) 05時00分01秒 JST
Script started at 西元2025年05月03日 (週六) 05時00分01秒 JST
Script started at 西元2025年05月04日 (週日) 05時00分01秒 JST
Script started at 西元2025年05月05日 (週一) 05時00分01秒 JST
Script started at 西元2025年05月06日 (週二) 05時00分01秒 JST
Script started at 西元2025年05月07日 (週三) 05時00分01秒 JST
Script started at 西元2025年05月08日 (週四) 05時00分01秒 JST
Script started at 西元2025年05月09日 (週五) 05時00分01秒 JST
Script started at 西元2025年05月10日 (週六) 05時00分01秒 JST
Script started at 西元2025年05月11日 (週日) 05時00分01秒 JST
Script started at 西元2025年05月12日 (週一) 05時00分01秒 JST
Script started at 西元2025年05月13日 (週二) 05時00分01秒 JST
Script started at 西元2025年05月14日 (週三) 05時00分01秒 JST
Script started at 西元2025年05月15日 (週四) 05時00分01秒 JST
Script started at 西元2025年05月16日 (週五) 05時00分01秒 JST
Script started at 西元2025年05月17日 (週六) 05時00分01秒 JST
Script started at 西元2025年05月18日 (週日) 05時00分01秒 JST
Script started at 西元2025年05月19日 (週一) 05時00分01秒 JST
Script started at 西元2025年05月20日 (週二) 05時00分01秒 JST
Script started at 西元2025年05月21日 (週三) 05時00分01秒 JST
Script started at 西元2025年05月22日 (週四) 05時00分01秒 JST
Script started at 西元2025年05月23日 (週五) 05時00分01秒 JST
Script started at 西元2025年05月24日 (週六) 05時00分01秒 JST
Script started at 西元2025年05月25日 (週日) 05時00分01秒 JST
Script started at 西元2025年05月26日 (週一) 05時00分01秒 JST
Script started at 西元2025年05月27日 (週二) 05時00分01秒 JST
Script started at 西元2025年05月28日 (週三) 05時00分01秒 JST
Script started at 西元2025年05月29日 (週四) 05時00分01秒 JST
Script started at 西元2025年05月30日 (週五) 05時00分01秒 JST
Script started at 西元2025年05月31日 (週六) 05時00分01秒 JST
Script started at 西元2025年06月01日 (週日) 05時00分02秒 JST
Script started at 西元2025年06月02日 (週一) 05時00分01秒 JST
Script started at 西元2025年06月03日 (週二) 05時00分01秒 JST
Script started at 西元2025年06月04日 (週三) 05時00分01秒 JST
Script started at 西元2025年06月05日 (週四) 05時00分01秒 JST
Script started at 西元2025年06月06日 (週五) 05時00分01秒 JST
Script started at 西元2025年06月07日 (週六) 05時00分01秒 JST
Script started at 西元2025年06月08日 (週日) 05時00分01秒 JST
Script started at 西元2025年06月09日 (週一) 05時00分01秒 JST
Script started at 西元2025年06月10日 (週二) 05時00分01秒 JST
Script started at 西元2025年06月11日 (週三) 05時00分01秒 JST
Script started at 西元2025年06月12日 (週四) 05時00分01秒 JST
Script started at 西元2025年06月13日 (週五) 05時00分01秒 JST
Script started at 西元2025年06月14日 (週六) 05時00分01秒 JST
Script started at 西元2025年06月15日 (週日) 05時00分01秒 JST
Script started at 西元2025年06月16日 (週一) 05時00分01秒 JST
Script started at 西元2025年06月17日 (週二) 05時00分01秒 JST
Script started at 西元2025年06月18日 (週三) 05時00分01秒 JST
Script started at 西元2025年06月19日 (週四) 05時00分01秒 JST
Script started at 西元2025年06月20日 (週五) 05時00分01秒 JST
Script started at 西元2025年06月21日 (週六) 05時00分01秒 JST
Script started at 西元2025年06月22日 (週日) 05時00分01秒 JST
Script started at 西元2025年06月23日 (週一) 05時00分01秒 JST
Script started at 西元2025年06月24日 (週二) 05時00分02秒 JST
Script started at 西元2025年06月25日 (週三) 05時00分01秒 JST
Script started at 西元2025年06月26日 (週四) 05時00分01秒 JST
Script started at 西元2025年06月27日 (週五) 05時00分01秒 JST
Script started at 西元2025年06月28日 (週六) 05時00分01秒 JST
Script started at 西元2025年06月29日 (週日) 05時00分01秒 JST
Script started at 西元2025年06月30日 (週一) 05時00分01秒 JST
Script started at 西元2025年07月01日 (週二) 05時00分01秒 JST
Script started at 西元2025年07月02日 (週三) 05時00分01秒 JST
Script started at 西元2025年07月03日 (週四) 05時00分01秒 JST
Script started at 西元2025年07月04日 (週五) 05時00分01秒 JST
Script started at 西元2025年07月05日 (週六) 05時00分01秒 JST
Script started at 西元2025年07月06日 (週日) 05時00分01秒 JST
Script started at 西元2025年07月07日 (週一) 05時00分01秒 JST
Script started at 西元2025年07月08日 (週二) 05時00分01秒 JST
Script started at 西元2025年07月09日 (週三) 05時00分01秒 JST
Script started at 西元2025年07月10日 (週四) 05時00分01秒 JST
Script started at 西元2025年07月11日 (週五) 05時00分01秒 JST
Script started at 西元2025年07月12日 (週六) 05時00分01秒 JST
Script started at 西元2025年07月13日 (週日) 05時00分01秒 JST
Script started at 西元2025年07月14日 (週一) 05時00分01秒 JST
Script started at 西元2025年07月15日 (週二) 05時00分01秒 JST
Script started at 西元2025年07月16日 (週三) 05時00分01秒 JST
Script started at 西元2025年07月17日 (週四) 05時00分01秒 JST
Script started at 西元2025年07月18日 (週五) 05時00分01秒 JST
Script started at 西元2025年07月19日 (週六) 05時00分01秒 JST
Script started at 西元2025年07月20日 (週日) 05時00分01秒 JST
Script started at 西元2025年07月21日 (週一) 05時00分01秒 JST
Script started at 西元2025年07月22日 (週二) 05時00分01秒 JST
Script started at 西元2025年07月23日 (週三) 05時00分01秒 JST
Script started at 西元2025年07月24日 (週四) 05時00分01秒 JST
Script started at 西元2025年07月25日 (週五) 05時00分01秒 JST
Script started at 西元2025年07月26日 (週六) 05時00分01秒 JST
Script started at 西元2025年07月27日 (週日) 05時00分01秒 JST
Script started at 西元2025年07月28日 (週一) 05時00分01秒 JST
Script started at 西元2025年07月29日 (週二) 05時00分01秒 JST
Script started at 西元2025年07月30日 (週三) 05時00分01秒 JST
Script started at 西元2025年07月31日 (週四) 05時00分01秒 JST
Script started at 西元2025年08月01日 (週五) 05時00分01秒 JST
Script started at 西元2025年08月02日 (週六) 05時00分01秒 JST
Script started at 西元2025年08月03日 (週日) 05時00分01秒 JST
Script started at 西元2025年08月04日 (週一) 05時00分01秒 JST
Script started at 西元2025年08月05日 (週二) 05時00分01秒 JST
Script started at 西元2025年08月06日 (週三) 05時00分01秒 JST
Script started at 西元2025年08月07日 (週四) 05時00分01秒 JST
Script started at 西元2025年08月08日 (週五) 05時00分01秒 JST
Script started at 西元2025年08月09日 (週六) 05時00分01秒 JST
Script started at 西元2025年08月10日 (週日) 05時00分01秒 JST
Script started at 西元2025年08月11日 (週一) 05時00分01秒 JST
Script started at 西元2025年08月12日 (週二) 05時00分01秒 JST
Script started at 西元2025年08月13日 (週三) 05時00分01秒 JST
Script started at 西元2025年08月14日 (週四) 05時00分02秒 JST
Script started at 西元2025年08月15日 (週五) 05時00分01秒 JST
Script started at 西元2025年08月16日 (週六) 05時00分01秒 JST
Script started at 西元2025年08月17日 (週日) 05時00分01秒 JST
Script started at 西元2025年08月18日 (週一) 05時00分01秒 JST
Script started at 西元2025年08月19日 (週二) 05時00分01秒 JST
Script started at 西元2025年08月20日 (週三) 05時00分01秒 JST
Script started at 西元2025年08月21日 (週四) 05時00分01秒 JST
Script started at 西元2025年08月22日 (週五) 05時00分01秒 JST
Script started at 西元2025年08月23日 (週六) 05時00分01秒 JST
Script started at 西元2025年08月24日 (週日) 05時00分01秒 JST
Script started at 西元2025年08月25日 (週一) 05時00分01秒 JST
Script started at 西元2025年08月26日 (週二) 05時00分01秒 JST
Script started at 西元2025年08月27日 (週三) 05時00分01秒 JST
Script started at 西元2025年08月28日 (週四) 05時00分01秒 JST
Script started at 西元2025年08月29日 (週五) 05時00分01秒 JST
Script started at 西元2025年08月30日 (週六) 05時00分01秒 JST
Script started at 西元2025年08月31日 (週日) 05時00分01秒 JST
Script started at 西元2025年09月01日 (週一) 05時00分01秒 JST
Script started at 西元2025年09月02日 (週二) 05時00分01秒 JST
Script started at 西元2025年09月03日 (週三) 05時00分01秒 JST
Script started at 西元2025年09月04日 (週四) 05時00分01秒 JST
Script started at 西元2025年09月05日 (週五) 05時00分01秒 JST
Script started at 西元2025年09月06日 (週六) 05時00分01秒 JST
Script started at 西元2025年09月07日 (週日) 05時00分01秒 JST
Script started at 西元2025年09月08日 (週一) 05時00分01秒 JST
Script started at 西元2025年09月09日 (週二) 05時00分01秒 JST
Script started at 西元2025年09月10日 (週三) 05時00分01秒 JST
Script started at 西元2025年09月11日 (週四) 05時00分01秒 JST
Script started at 西元2025年09月12日 (週五) 05時00分01秒 JST
Script started at 西元2025年09月13日 (週六) 05時00分01秒 JST
Script started at 西元2025年09月14日 (週日) 05時00分01秒 JST
Script started at 西元2025年09月15日 (週一) 05時00分01秒 JST
Script started at 西元2025年09月16日 (週二) 05時00分01秒 JST
Script started at 西元2025年09月17日 (週三) 05時00分01秒 JST
Script started at 西元2025年09月18日 (週四) 05時00分01秒 JST
Script started at 西元2025年09月19日 (週五) 05時00分01秒 JST
Script started at 西元2025年09月20日 (週六) 05時00分01秒 JST
Script started at 西元2025年09月21日 (週日) 05時00分01秒 JST
Script started at 西元2025年09月22日 (週一) 05時00分01秒 JST
Script started at 西元2025年09月23日 (週二) 05時00分01秒 JST
Script started at 西元2025年09月24日 (週三) 05時00分01秒 JST
Script started at 西元2025年09月25日 (週四) 05時00分01秒 JST
Script started at 西元2025年09月26日 (週五) 05時00分01秒 JST
Script started at 西元2025年09月27日 (週六) 05時00分01秒 JST
Script started at 西元2025年09月28日 (週日) 05時00分01秒 JST
Script started at 西元2025年09月29日 (週一) 05時00分01秒 JST
Script started at 西元2025年09月30日 (週二) 05時00分01秒 JST
Script started at 西元2025年10月01日 (週三) 05時00分01秒 JST
Script started at 西元2025年10月02日 (週四) 05時00分02秒 JST
Script started at 西元2025年10月03日 (週五) 05時00分01秒 JST
Script started at 西元2025年10月04日 (週六) 05時00分01秒 JST
Script started at 西元2025年10月05日 (週日) 05時00分01秒 JST
Script started at 西元2025年10月06日 (週一) 05時00分01秒 JST
Script started at 西元2025年10月07日 (週二) 05時00分01秒 JST
Script started at 西元2025年10月08日 (週三) 05時00分01秒 JST
Script started at 西元2025年10月09日 (週四) 05時00分01秒 JST
Script started at 西元2025年10月10日 (週五) 05時00分01秒 JST
Script started at 西元2025年10月11日 (週六) 05時00分01秒 JST
Script started at 西元2025年10月12日 (週日) 05時00分01秒 JST
Script started at 西元2025年10月13日 (週一) 05時00分01秒 JST
Script started at 西元2025年10月14日 (週二) 05時00分01秒 JST
Script started at 西元2025年10月15日 (週三) 05時00分01秒 JST
Script started at 西元2025年10月16日 (週四) 05時00分01秒 JST
Script started at 西元2025年10月17日 (週五) 05時00分01秒 JST
Script started at 西元2025年10月18日 (週六) 05時00分01秒 JST
Script started at 西元2025年10月19日 (週日) 05時00分01秒 JST
Script started at 西元2025年10月20日 (週一) 05時00分01秒 JST
Script started at 西元2025年10月21日 (週二) 05時00分01秒 JST
Script started at 西元2025年10月22日 (週三) 05時00分01秒 JST
Script started at 西元2025年10月23日 (週四) 05時00分01秒 JST
Script started at 西元2025年10月24日 (週五) 05時00分01秒 JST
Script started at 西元2025年10月25日 (週六) 05時00分01秒 JST
Script started at 西元2025年10月26日 (週日) 05時00分02秒 JST
Script started at 西元2025年10月27日 (週一) 05時00分01秒 JST
Script started at 西元2025年10月28日 (週二) 05時00分02秒 JST
Script started at 西元2025年10月29日 (週三) 05時00分01秒 JST
Script started at 西元2025年10月30日 (週四) 05時00分01秒 JST
Script started at 西元2025年10月31日 (週五) 05時00分01秒 JST
Script started at 西元2025年11月01日 (週六) 05時00分01秒 JST
Script started at 西元2025年11月02日 (週日) 05時00分01秒 JST
Script started at 西元2025年11月03日 (週一) 05時00分01秒 JST
Script started at 西元2025年11月04日 (週二) 05時00分01秒 JST
Script started at 西元2025年11月05日 (週三) 05時00分02秒 JST
Script started at 西元2025年11月06日 (週四) 05時00分01秒 JST
Script started at 西元2025年11月07日 (週五) 05時00分01秒 JST
Script started at 西元2025年11月08日 (週六) 05時00分01秒 JST
Script started at 西元2025年11月09日 (週日) 05時00分01秒 JST
Script started at 西元2025年11月10日 (週一) 05時00分01秒 JST
Script started at 西元2025年11月11日 (週二) 05時00分01秒 JST
Script started at 西元2025年11月12日 (週三) 05時00分01秒 JST
Script started at 西元2025年11月13日 (週四) 05時00分01秒 JST
Script started at 西元2025年11月14日 (週五) 05時00分01秒 JST
Script started at 西元2025年11月15日 (週六) 05時00分01秒 JST
Script started at 西元2025年11月16日 (週日) 05時00分01秒 JST
Script started at 西元2025年11月17日 (週一) 05時00分01秒 JST
Script started at 西元2025年11月18日 (週二) 05時00分01秒 JST
Script started at 西元2025年11月19日 (週三) 05時00分01秒 JST
Script started at 西元2025年11月20日 (週四) 05時00分01秒 JST
Script started at 西元2025年11月21日 (週五) 05時00分01秒 JST
Script started at 西元2025年11月22日 (週六) 05時00分01秒 JST
Script started at 西元2025年11月23日 (週日) 05時00分01秒 JST
Script started at 西元2025年11月24日 (週一) 05時00分01秒 JST
Script started at 西元2025年11月25日 (週二) 05時00分01秒 JST
Script started at 西元2025年11月26日 (週三) 05時00分01秒 JST
Script started at 西元2025年11月27日 (週四) 05時00分01秒 JST
Script started at 西元2025年11月28日 (週五) 05時00分01秒 JST
Script started at 西元2025年11月29日 (週六) 05時00分01秒 JST
Script started at 西元2025年11月30日 (週日) 05時00分01秒 JST
Script started at 西元2025年12月01日 (週一) 05時00分01秒 JST
Script started at 西元2025年12月02日 (週二) 05時00分01秒 JST
Script started at 西元2025年12月03日 (週三) 05時00分01秒 JST
Script started at 西元2025年12月04日 (週四) 05時00分01秒 JST
Script started at 西元2025年12月05日 (週五) 05時00分01秒 JST
Script started at 西元2025年12月06日 (週六) 05時00分01秒 JST
Script started at 西元2025年12月07日 (週日) 05時00分01秒 JST
Script started at 西元2025年12月08日 (週一) 05時00分01秒 JST
Script started at 西元2025年12月09日 (週二) 05時00分01秒 JST
Script started at 西元2025年12月10日 (週三) 05時00分01秒 JST
Script started at 西元2025年12月11日 (週四) 05時00分01秒 JST
Script started at 西元2025年12月12日 (週五) 05時00分01秒 JST
Script started at 西元2025年12月13日 (週六) 05時00分01秒 JST
Script started at 西元2025年12月14日 (週日) 05時00分01秒 JST
Script started at 西元2025年12月15日 (週一) 05時00分01秒 JST
Script started at 西元2025年12月16日 (週二) 05時00分01秒 JST
Script started at 西元2025年12月17日 (週三) 05時00分01秒 JST
Script started at 西元2025年12月18日 (週四) 05時00分01秒 JST
Script started at 西元2025年12月19日 (週五) 05時00分01秒 JST
Script started at 西元2025年12月20日 (週六) 05時00分01秒 JST
Script started at 西元2025年12月21日 (週日) 05時00分01秒 JST
Script started at 西元2025年12月22日 (週一) 05時00分01秒 JST
Script started at 西元2025年12月23日 (週二) 05時00分01秒 JST
Script started at 西元2025年12月24日 (週三) 05時00分01秒 JST
Script started at 西元2025年12月25日 (週四) 05時00分01秒 JST
Script started at 西元2025年12月26日 (週五) 05時00分01秒 JST
Script started at 西元2025年12月27日 (週六) 05時00分01秒 JST
Script started at 西元2025年12月28日 (週日) 05時00分01秒 JST
Script started at 西元2025年12月29日 (週一) 05時00分01秒 JST
Script started at 西元2025年12月30日 (週二) 05時00分01秒 JST
Script started at 西元2025年12月31日 (週三) 05時00分01秒 JST
Script started at 西元2026年01月01日 (週四) 05時00分01秒 JST
Script started at 西元2026年01月02日 (週五) 05時00分01秒 JST
Script started at 西元2026年01月03日 (週六) 05時00分01秒 JST
Script started at 西元2026年01月04日 (週日) 05時00分01秒 JST
Script started at 西元2026年01月05日 (週一) 05時00分01秒 JST
Script started at 西元2026年01月06日 (週二) 05時00分01秒 JST
Script started at 西元2026年01月07日 (週三) 05時00分01秒 JST
Script started at 西元2026年01月08日 (週四) 05時00分01秒 JST
Script started at 西元2026年01月09日 (週五) 05時00分01秒 JST
Script started at 西元2026年01月10日 (週六) 05時00分01秒 JST
Script started at 西元2026年01月11日 (週日) 05時00分01秒 JST
Script started at 西元2026年01月12日 (週一) 05時00分01秒 JST
Script started at 西元2026年01月13日 (週二) 05時00分01秒 JST
Script started at 西元2026年01月14日 (週三) 05時00分01秒 JST
Script started at 西元2026年01月15日 (週四) 05時00分01秒 JST
Script started at 西元2026年01月16日 (週五) 05時00分01秒 JST
Script started at 西元2026年01月17日 (週六) 05時00分01秒 JST
Script started at 西元2026年01月18日 (週日) 05時00分01秒 JST
Script started at 西元2026年01月19日 (週一) 05時00分01秒 JST
Script started at 西元2026年01月20日 (週二) 05時00分01秒 JST
Script started at 西元2026年01月21日 (週三) 05時00分01秒 JST
Script started at 西元2026年01月22日 (週四) 05時00分01秒 JST
Script started at 西元2026年01月23日 (週五) 05時00分02秒 JST
Script started at 西元2026年01月24日 (週六) 05時00分01秒 JST
Script started at 西元2026年01月25日 (週日) 05時00分01秒 JST
Script started at 西元2026年01月26日 (週一) 05時00分01秒 JST
Script started at 西元2026年01月27日 (週二) 05時00分01秒 JST
Script started at 西元2026年01月28日 (週三) 05時00分01秒 JST
